// Vitest Snapshot v1

exports[`pixel conversions > should correctly scale a PixelGrid down 1`] = `
[
  1,
  2,
]
`;
