// Jest Snapshot v1, https://goo.gl/fbAQLP

exports[`pixel conversions it should correctly scale a PixelGrid down 1`] = `
Array [
  1,
  2,
]
`;
