// Vitest Snapshot v1

exports[`block-space generation > should reset staircase offset to baseline 1`] = `
[
  {
    "hue": 1,
    "id": "minecraft:stone",
    "x": 0,
    "y": 1,
    "z": 8,
  },
  {
    "hue": 0,
    "id": "minecraft:stone",
    "x": 0,
    "y": 1,
    "z": 7,
  },
  {
    "hue": 2,
    "id": "minecraft:stone",
    "x": 0,
    "y": 0,
    "z": 6,
  },
  {
    "hue": 1,
    "id": "minecraft:stone",
    "x": 0,
    "y": 1,
    "z": 5,
  },
  {
    "hue": 0,
    "id": "minecraft:stone",
    "x": 0,
    "y": 1,
    "z": 4,
  },
  {
    "hue": 1,
    "id": "minecraft:stone",
    "x": 0,
    "y": 0,
    "z": 3,
  },
  {
    "hue": 2,
    "id": "minecraft:stone",
    "x": 0,
    "y": 0,
    "z": 2,
  },
  {
    "hue": 1,
    "id": "minecraft:stone",
    "x": 0,
    "y": 1,
    "z": 1,
  },
  {
    "hue": 0,
    "id": "",
    "x": 0,
    "y": 1,
    "z": 0,
  },
]
`;
